2026-04-25 23:20:18,587 [INFO] === Centralized Base Model Training ===
2026-04-25 23:20:18,601 [INFO] Loading datasets...
2026-04-25 23:20:18,601 [INFO] Using random split (test_frac=0.20) instead of provided splits
2026-04-25 23:20:20,082 [INFO] Patient 302 | audio:46 visual:98 utts:73 label:0
2026-04-25 23:20:22,210 [INFO] Patient 303 | audio:46 visual:98 utts:69 label:0
2026-04-25 23:20:23,733 [INFO] Patient 304 | audio:46 visual:98 utts:61 label:0
2026-04-25 23:20:27,083 [INFO] Patient 305 | audio:46 visual:98 utts:169 label:0
2026-04-25 23:20:29,489 [INFO] Patient 307 | audio:46 visual:98 utts:82 label:0
2026-04-25 23:20:31,334 [INFO] Patient 308 | audio:46 visual:98 utts:119 label:1
2026-04-25 23:20:32,688 [INFO] Patient 309 | audio:46 visual:98 utts:49 label:1
2026-04-25 23:20:34,306 [INFO] Patient 310 | audio:46 visual:98 utts:62 label:0
2026-04-25 23:20:35,965 [INFO] Patient 311 | audio:46 visual:98 utts:67 label:1
2026-04-25 23:20:37,470 [INFO] Patient 312 | audio:46 visual:98 utts:50 label:0
2026-04-25 23:20:38,790 [INFO] Patient 313 | audio:46 visual:98 utts:60 label:0
2026-04-25 23:20:41,843 [INFO] Patient 314 | audio:46 visual:98 utts:99 label:0
2026-04-25 23:20:43,735 [INFO] Patient 315 | audio:46 visual:98 utts:57 label:0
2026-04-25 23:20:45,510 [INFO] Patient 316 | audio:46 visual:98 utts:69 label:0
2026-04-25 23:20:46,576 [INFO] Patient 318 | audio:46 visual:98 utts:36 label:0
2026-04-25 23:20:48,101 [INFO] Patient 319 | audio:46 visual:98 utts:65 label:1
2026-04-25 23:20:50,126 [INFO] Patient 322 | audio:46 visual:98 utts:85 label:0
2026-04-25 23:20:51,760 [INFO] Patient 323 | audio:46 visual:98 utts:72 label:0
2026-04-25 23:20:53,115 [INFO] Patient 324 | audio:46 visual:98 utts:69 label:0
2026-04-25 23:20:55,019 [INFO] Patient 325 | audio:46 visual:98 utts:46 label:0
2026-04-25 23:20:56,383 [INFO] Patient 326 | audio:46 visual:98 utts:48 label:0
2026-04-25 23:20:57,642 [INFO] Patient 327 | audio:46 visual:98 utts:53 label:0
2026-04-25 23:20:59,617 [INFO] Patient 328 | audio:46 visual:98 utts:51 label:0
2026-04-25 23:21:00,945 [INFO] Patient 329 | audio:46 visual:98 utts:41 label:0
2026-04-25 23:21:02,449 [INFO] Patient 330 | audio:46 visual:98 utts:57 label:1
2026-04-25 23:21:04,225 [INFO] Patient 332 | audio:46 visual:98 utts:77 label:1
2026-04-25 23:21:06,099 [INFO] Patient 333 | audio:46 visual:98 utts:89 label:0
2026-04-25 23:21:07,796 [INFO] Patient 335 | audio:46 visual:98 utts:67 label:0
2026-04-25 23:21:11,463 [INFO] Patient 337 | audio:46 visual:98 utts:134 label:1
2026-04-25 23:21:12,577 [INFO] Patient 338 | audio:46 visual:98 utts:45 label:1
2026-04-25 23:21:14,230 [INFO] Patient 339 | audio:46 visual:98 utts:61 label:1
2026-04-25 23:21:15,502 [INFO] Patient 340 | audio:46 visual:98 utts:50 label:0
2026-04-25 23:21:17,121 [INFO] Patient 341 | audio:46 visual:98 utts:81 label:0
2026-04-25 23:21:18,657 [INFO] Patient 345 | audio:46 visual:98 utts:55 label:1
2026-04-25 23:21:20,016 [INFO] Patient 361 | audio:46 visual:98 utts:38 label:0
2026-04-25 23:21:22,419 [INFO] Patient 363 | audio:46 visual:98 utts:73 label:0
2026-04-25 23:21:25,884 [INFO] Patient 364 | audio:46 visual:98 utts:138 label:0
2026-04-25 23:21:29,204 [INFO] Patient 633 | audio:46 visual:98 utts:88 label:0
2026-04-25 23:21:30,458 [INFO] Patient 300 | audio:46 visual:98 utts:43 label:0
2026-04-25 23:21:32,022 [INFO] Patient 301 | audio:46 visual:98 utts:57 label:0
2026-04-25 23:21:33,885 [INFO] Patient 306 | audio:46 visual:98 utts:63 label:0
2026-04-25 23:21:35,461 [INFO] Patient 317 | audio:46 visual:98 utts:57 label:0
2026-04-25 23:21:37,323 [INFO] Patient 320 | audio:46 visual:98 utts:84 label:0
2026-04-25 23:21:38,883 [INFO] Patient 321 | audio:46 visual:98 utts:59 label:1
2026-04-25 23:21:40,525 [INFO] Patient 331 | audio:46 visual:98 utts:57 label:0
2026-04-25 23:21:42,325 [INFO] Patient 334 | audio:46 visual:98 utts:72 label:0
2026-04-25 23:21:44,175 [INFO] Patient 336 | audio:46 visual:98 utts:77 label:0
2026-04-25 23:21:45,957 [INFO] Patient 343 | audio:46 visual:98 utts:83 label:0
2026-04-25 23:21:48,035 [INFO] Patient 344 | audio:46 visual:98 utts:85 label:0
2026-04-25 23:21:50,335 [INFO] Patient 632 | audio:46 visual:98 utts:58 label:0
2026-04-25 23:21:50,336 [INFO] Loaded 50 total patients from data directory
2026-04-25 23:21:50,336 [INFO] Random split: train=35, dev=5, test=10
2026-04-25 23:21:50,336 [INFO] Train class distribution: 8 positive (22.9%), 27 negative
2026-04-25 23:21:50,336 [INFO] Feature dims — audio:46  visual:98  text:768
2026-04-25 23:21:50,386 [INFO] Tokenizer loaded
2026-04-25 23:21:50,492 [INFO] Using FocalLoss(alpha=0.75, gamma=2.00)
2026-04-25 23:21:50,987 [INFO] Loaded MentalBERT (frozen=False)
2026-04-25 23:21:50,989 [INFO] Model total params: 109,804,546
2026-04-25 23:21:51,238 [INFO] Stage 1: training on balanced subset (10 epochs)
2026-04-25 23:21:56,392 [INFO] Stage1 epoch 1/10  loss=0.1525
2026-04-25 23:22:00,119 [INFO] Stage1 epoch 2/10  loss=0.1293
2026-04-25 23:22:03,870 [INFO] Stage1 epoch 3/10  loss=0.0879
2026-04-25 23:22:07,548 [INFO] Stage1 epoch 4/10  loss=0.0994
2026-04-25 23:22:11,300 [INFO] Stage1 epoch 5/10  loss=0.0832
2026-04-25 23:22:15,063 [INFO] Stage1 epoch 6/10  loss=0.0557
2026-04-25 23:22:18,795 [INFO] Stage1 epoch 7/10  loss=0.0413
2026-04-25 23:22:22,567 [INFO] Stage1 epoch 8/10  loss=0.0437
2026-04-25 23:22:26,307 [INFO] Stage1 epoch 9/10  loss=0.0305
2026-04-25 23:22:30,075 [INFO] Stage1 epoch 10/10  loss=0.0187
2026-04-25 23:22:30,075 [INFO] Stage 1 done — switching to full data
2026-04-25 23:22:30,077 [INFO] Stage 2: main training (50 epochs, batch=8)
2026-04-25 23:22:32,608 [INFO] Epoch 1/50  train_loss=0.0162
2026-04-25 23:22:32,773 [INFO] Optimal threshold (F1 on dev): 0.6221  (F1=0.5000)
2026-04-25 23:22:32,951 [INFO]   Dev  epoch1 Acc=0.6000  F1=0.5000  Prec=0.3333  Rec=1.0000  ROC-AUC=0.5000  AUC-PR=0.3333  MCC=0.4082  Loss=0.0567
2026-04-25 23:22:33,181 [INFO]   ✓ New best auc_pr=0.3333 — model saved
2026-04-25 23:22:35,703 [INFO] Epoch 2/50  train_loss=0.0127
2026-04-25 23:22:35,913 [INFO]   Dev  epoch2 Acc=0.6000  F1=0.5000  Prec=0.3333  Rec=1.0000  ROC-AUC=0.5000  AUC-PR=0.3333  MCC=0.4082  Loss=0.0764
2026-04-25 23:22:35,914 [INFO]   Patience 1/15
2026-04-25 23:22:38,431 [INFO] Epoch 3/50  train_loss=0.0206
2026-04-25 23:22:38,636 [INFO]   Dev  epoch3 Acc=0.4000  F1=0.0000  Prec=0.0000  Rec=0.0000  ROC-AUC=0.5000  AUC-PR=0.3333  MCC=-0.4082  Loss=0.0559
2026-04-25 23:22:38,636 [INFO]   Patience 2/15
2026-04-25 23:22:41,169 [INFO] Epoch 4/50  train_loss=0.0191
2026-04-25 23:22:41,374 [INFO]   Dev  epoch4 Acc=0.4000  F1=0.0000  Prec=0.0000  Rec=0.0000  ROC-AUC=0.5000  AUC-PR=0.3333  MCC=-0.4082  Loss=0.0512
2026-04-25 23:22:41,374 [INFO]   Patience 3/15
2026-04-25 23:22:43,889 [INFO] Epoch 5/50  train_loss=0.0137
2026-04-25 23:22:44,097 [INFO]   Dev  epoch5 Acc=0.4000  F1=0.0000  Prec=0.0000  Rec=0.0000  ROC-AUC=0.5000  AUC-PR=0.3333  MCC=-0.4082  Loss=0.0474
2026-04-25 23:22:44,097 [INFO]   Patience 4/15
2026-04-25 23:22:46,608 [INFO] Epoch 6/50  train_loss=0.0175
2026-04-25 23:22:46,809 [INFO] Optimal threshold (F1 on dev): 0.6008  (F1=0.5000)
2026-04-25 23:22:47,021 [INFO]   Dev  epoch6 Acc=0.6000  F1=0.5000  Prec=0.3333  Rec=1.0000  ROC-AUC=0.5000  AUC-PR=0.3333  MCC=0.4082  Loss=0.0540
2026-04-25 23:22:47,021 [INFO]   Patience 5/15
2026-04-25 23:22:49,561 [INFO] Epoch 7/50  train_loss=0.0487
2026-04-25 23:22:49,773 [INFO]   Dev  epoch7 Acc=0.4000  F1=0.0000  Prec=0.0000  Rec=0.0000  ROC-AUC=0.5000  AUC-PR=0.3333  MCC=-0.4082  Loss=0.0654
2026-04-25 23:22:49,773 [INFO]   Patience 6/15
2026-04-25 23:22:52,322 [INFO] Epoch 8/50  train_loss=0.0308
2026-04-25 23:22:52,528 [INFO]   Dev  epoch8 Acc=0.4000  F1=0.0000  Prec=0.0000  Rec=0.0000  ROC-AUC=0.5000  AUC-PR=0.3333  MCC=-0.4082  Loss=0.0672
2026-04-25 23:22:52,528 [INFO]   Patience 7/15
2026-04-25 23:22:55,064 [INFO] Epoch 9/50  train_loss=0.0225
2026-04-25 23:22:55,268 [INFO]   Dev  epoch9 Acc=0.4000  F1=0.0000  Prec=0.0000  Rec=0.0000  ROC-AUC=0.5000  AUC-PR=0.3333  MCC=-0.4082  Loss=0.0738
2026-04-25 23:22:55,269 [INFO]   Patience 8/15
2026-04-25 23:22:57,802 [INFO] Epoch 10/50  train_loss=0.0204
2026-04-25 23:22:58,016 [INFO]   Dev  epoch10 Acc=0.4000  F1=0.0000  Prec=0.0000  Rec=0.0000  ROC-AUC=0.5000  AUC-PR=0.3333  MCC=-0.4082  Loss=0.0674
2026-04-25 23:22:58,016 [INFO]   Patience 9/15
2026-04-25 23:23:00,552 [INFO] Epoch 11/50  train_loss=0.0344
2026-04-25 23:23:00,750 [INFO] Optimal threshold (F1 on dev): 0.5814  (F1=0.5000)
2026-04-25 23:23:00,972 [INFO]   Dev  epoch11 Acc=0.6000  F1=0.5000  Prec=0.3333  Rec=1.0000  ROC-AUC=0.5000  AUC-PR=0.3333  MCC=0.4082  Loss=0.0715
2026-04-25 23:23:00,972 [INFO]   Patience 10/15
2026-04-25 23:23:03,497 [INFO] Epoch 12/50  train_loss=0.0179
2026-04-25 23:23:03,704 [INFO]   Dev  epoch12 Acc=0.4000  F1=0.0000  Prec=0.0000  Rec=0.0000  ROC-AUC=0.5000  AUC-PR=0.3333  MCC=-0.4082  Loss=0.0647
2026-04-25 23:23:03,704 [INFO]   Patience 11/15
2026-04-25 23:23:06,242 [INFO] Epoch 13/50  train_loss=0.0438
2026-04-25 23:23:06,426 [INFO]   Dev  epoch13 Acc=0.6000  F1=0.5000  Prec=0.3333  Rec=1.0000  ROC-AUC=0.5000  AUC-PR=0.3333  MCC=0.4082  Loss=0.0741
2026-04-25 23:23:06,426 [INFO]   Patience 12/15
2026-04-25 23:23:09,014 [INFO] Epoch 14/50  train_loss=0.0197
2026-04-25 23:23:09,219 [INFO]   Dev  epoch14 Acc=0.6000  F1=0.5000  Prec=0.3333  Rec=1.0000  ROC-AUC=0.5000  AUC-PR=0.3333  MCC=0.4082  Loss=0.0918
2026-04-25 23:23:09,220 [INFO]   Patience 13/15
2026-04-25 23:23:11,796 [INFO] Epoch 15/50  train_loss=0.0204
2026-04-25 23:23:12,007 [INFO]   Dev  epoch15 Acc=0.4000  F1=0.0000  Prec=0.0000  Rec=0.0000  ROC-AUC=0.5000  AUC-PR=0.3333  MCC=-0.4082  Loss=0.0754
2026-04-25 23:23:12,007 [INFO]   Patience 14/15
2026-04-25 23:23:14,554 [INFO] Epoch 16/50  train_loss=0.0127
2026-04-25 23:23:14,754 [INFO] Optimal threshold (F1 on dev): 0.5665  (F1=0.5000)
2026-04-25 23:23:14,968 [INFO]   Dev  epoch16 Acc=0.6000  F1=0.5000  Prec=0.3333  Rec=1.0000  ROC-AUC=0.5000  AUC-PR=0.3333  MCC=0.4082  Loss=0.0743
2026-04-25 23:23:14,968 [INFO]   Patience 15/15
2026-04-25 23:23:14,968 [INFO] Early stopping at epoch 16
2026-04-25 23:23:15,029 [INFO] Restored best model for test evaluation
2026-04-25 23:23:15,230 [INFO] Optimal threshold (F1 on dev): 0.6221  (F1=0.5000)
2026-04-25 23:23:15,571 [INFO] TEST Acc=0.7000  F1=0.0000  Prec=0.0000  Rec=0.0000  ROC-AUC=0.7500  AUC-PR=0.4167  MCC=-0.1667  Loss=0.0000
2026-04-25 23:23:16,325 [INFO] Model saved: /home/ritik26/.federated/data/global_models/global_round1.pt
2026-04-25 23:23:16,327 [INFO] Metrics saved: /home/ritik26/.federated/data/global_models/training_metrics.json
